[flood.tothong.com/index.html]
[backblue.gif]
[fade.gif]
[index.html]
[flood.tothong.com/wp-content/themes/twentyeleven/style.css]
[flood.tothong.com/feed/index.html]
[flood.tothong.com/xmlrpc0db0.php]
[flood.tothong.com/comments/feed/index.html]
[flood.tothong.com/wp-json/index.html]
[flood.tothong.com/wp-content/plugins/vipers-video-quicktags/resources/expressinstall.swf]
[flood.tothong.com/wp-includes/wlwmanifest.xml]
[flood.tothong.com/wp-content/themes/twentyeleven/images/headers/willow.jpg]
[flood.tothong.com/wp-content/uploads/2011/11/finalreview.001.jpg]
[flood.tothong.com/wp-content/uploads/2011/11/finalreview.001-300x225.jpg]
[flood.tothong.com/concept/index.html]
[flood.tothong.com/exploration/index.html]
[flood.tothong.com/realization/index.html]
[flood.tothong.com/proposal/index.html]
[flood.tothong.com/2011/12/06/us-reaction-on-ar-kongs-case/index.html]
[flood.tothong.com/wp-content/uploads/2011/11/finalreview.002.jpg]
[flood.tothong.com/category/uncategorized/index.html]
[flood.tothong.com/author/firm/index.html]
[flood.tothong.com/wp-content/uploads/2011/11/finalreview.002-300x225.jpg]
[flood.tothong.com/2011/11/29/122/index.html]
[flood.tothong.com/wp-content/uploads/2011/11/finalreview.003.jpg]
[flood.tothong.com/category/research/index.html]
[flood.tothong.com/wp-content/uploads/2011/11/finalreview.003-300x225.jpg]
[flood.tothong.com/2011/11/29/lese-majeste-in-thailand/index.html]
[flood.tothong.com/category/introduction/index.html]
[flood.tothong.com/2011/11/20/water-incorperated-projects/index.html]
[flood.tothong.com/wp-content/uploads/2011/11/finalreview.004.jpg]
[flood.tothong.com/tag/arduino/index.html]
[flood.tothong.com/wp-content/uploads/2011/11/finalreview.004-300x225.jpg]
[flood.tothong.com/tag/sound/index.html]
[flood.tothong.com/tag/research/index.html]
[flood.tothong.com/wp-content/uploads/2011/11/finalreview.005.jpg]
[flood.tothong.com/tag/water/index.html]
[flood.tothong.com/wp-content/uploads/2011/11/finalreview.005-300x225.jpg]
[flood.tothong.com/2011/11/17/scrapyard-challenge-rube-goldberg-machine-post-apocalypse-data-visualization/index.html]
[flood.tothong.com/wp-content/uploads/2011/11/finalreview.006.jpg]
[flood.tothong.com/2011/11/17/inspiration-rube-goldberg-machine/index.html]
[flood.tothong.com/category/inspiration/index.html]
[flood.tothong.com/wp-content/uploads/2011/11/finalreview.006-300x225.jpg]
[flood.tothong.com/tag/cartoonist/index.html]
[flood.tothong.com/wp-content/uploads/2011/11/finalreview.008.jpg]
[flood.tothong.com/tag/inspiration/index.html]
[flood.tothong.com/wp-content/uploads/2011/11/finalreview.008-300x225.jpg]
[flood.tothong.com/tag/politic/index.html]
[flood.tothong.com/wp-content/uploads/2011/11/finalreview.010.jpg]
[flood.tothong.com/tag/rube-goldberg-machine/index.html]
[flood.tothong.com/wp-content/uploads/2011/11/finalreview.010-300x225.jpg]
[flood.tothong.com/2011/11/17/thailand-flooding-2011/index.html]
[flood.tothong.com/wp-content/uploads/2011/11/finalreview.011.jpg]
[flood.tothong.com/tag/fall2010/index.html]
[flood.tothong.com/wp-content/uploads/2011/11/finalreview.011-300x225.jpg]
[flood.tothong.com/tag/firm/index.html]
[flood.tothong.com/tag/flood/index.html]
[flood.tothong.com/wp-content/uploads/2011/11/finalreview.012.jpg]
[flood.tothong.com/tag/introduction/index.html]
[flood.tothong.com/wp-content/uploads/2011/11/finalreview.012-300x225.jpg]
[flood.tothong.com/2011/11/15/presentation-for-ideation-pre-concept-part/index.html]
[flood.tothong.com/wp-content/uploads/2011/11/finalreview.013.jpg]
[flood.tothong.com/wp-content/uploads/2011/11/finalreview.013-300x225.jpg]
[flood.tothong.com/wp-login.html]
[flood.tothong.com/category/presentation/index.html]
[flood.tothong.com/wp-includes/js/wp-embed.minc1f9.js]
[flood.tothong.com/index.html]
[flood.tothong.com/2011/12/index.html]
[flood.tothong.com/wp-content/themes/twentyeleven/images/search.png]
[flood.tothong.com/2011/11/index.html]
[flood.tothong.com/wp-content/themes/twentyeleven/images/comment-bubble.png]
[flood.tothong.com/wp-content/themes/twentyeleven/images/comment-arrow.png]
[flood.tothong.com/wp-content/themes/twentyeleven/images/comment-arrow-bypostauthor.png]
[flood.tothong.com/wp-content/themes/twentyeleven/style.css]
[flood.tothong.com/xmlrpc.php]
[flood.tothong.com/comments/feed/index.html]
[flood.tothong.com/wp-json/index.html]
[flood.tothong.com/wp-json/oembed/1.0/embedfc94]
[flood.tothong.com/indexc471.html]
[flood.tothong.com/wp-json/oembed/1.0/embed8b30]
[flood.tothong.com/wp-content/themes/twentyeleven/images/headers/pine-cone.jpg]
[flood.tothong.com/wp-content/uploads/2011/11/finalreview-copy.015.jpg]
[flood.tothong.com/concept/index.html]
[flood.tothong.com/indexc4f7.html]
[flood.tothong.com/wp-json/oembed/1.0/embed.26c765.delayed]
[flood.tothong.com/wp-json/oembed/1.0/embed16c0]
[flood.tothong.com/wp-content/uploads/2011/11/finalreview-copy.017.jpg]
[flood.tothong.com/wp-content/uploads/2011/11/finalreview-copy.019.jpg]
[flood.tothong.com/wp-content/uploads/2011/11/finalreview-copy.021.jpg]
[flood.tothong.com/wp-content/uploads/2011/11/finalreview-copy.023.jpg]
[flood.tothong.com/wp-content/uploads/2011/11/finalreview-copy.024.jpg]
[flood.tothong.com/wp-content/uploads/2011/11/finalreview-copy.025.jpg]
[flood.tothong.com/wp-content/uploads/2011/11/finalreview-copy.026.jpg]
[flood.tothong.com/wp-content/uploads/2011/11/Uncursed.jpg]
[flood.tothong.com/wp-content/uploads/2011/11/Uncursed-300x270.jpg]
[flood.tothong.com/wp-content/uploads/2011/11/IMG_5347.jpg]
[flood.tothong.com/wp-content/uploads/2011/11/IMG_5347-300x225.jpg]
[flood.tothong.com/wp-content/uploads/2011/11/IMG_5342.jpg]
[flood.tothong.com/wp-content/uploads/2011/11/IMG_5342-300x225.jpg]
[flood.tothong.com/wp-content/uploads/2011/11/IMG_5351.jpg]
[flood.tothong.com/wp-content/uploads/2011/11/IMG_5351-300x225.jpg]
[flood.tothong.com/wp-content/uploads/2011/11/galerie_lelong_00002.jpg]
[flood.tothong.com/wp-content/uploads/2011/11/galerie_lelong_00002-300x199.jpg]
[flood.tothong.com/wp-content/uploads/2011/11/finalreview-copy.035.jpg]
[flood.tothong.com/wp-content/uploads/2011/11/finalreview-copy.036.jpg]
[flood.tothong.com/wp-content/uploads/2011/11/finalreview-copy.037.jpg]
[flood.tothong.com/wp-content/uploads/2011/11/Screen-Shot-2011-12-06-at-1.26.20-AM.png]
[flood.tothong.com/wp-content/uploads/2011/11/Screen-Shot-2011-12-01-at-5.07.24-PM.png]
[flood.tothong.com/wp-content/uploads/2011/11/Screen-Shot-2011-12-06-at-1.26.39-AM.png]
[flood.tothong.com/exploration/index.html]
[flood.tothong.com/wp-json/oembed/1.0/embed.40fda6.delayed]
[flood.tothong.com/indexb5fb.html]
[flood.tothong.com/wp-json/oembed/1.0/embed0a56]
[flood.tothong.com/wp-content/themes/twentyeleven/images/headers/lanterns.jpg]
[flood.tothong.com/realization/index.html]
[flood.tothong.com/wp-json/oembed/1.0/embed.43d8b1.delayed]
[flood.tothong.com/index5757.html]
[flood.tothong.com/wp-json/oembed/1.0/embedfd4e]
[flood.tothong.com/wp-content/themes/twentyeleven/images/headers/trolley.jpg]
[flood.tothong.com/proposal/index.html]
[flood.tothong.com/wp-json/oembed/1.0/embed.46b449.delayed]
[flood.tothong.com/index1a26.html]
[flood.tothong.com/wp-json/oembed/1.0/embed8f3b]
[flood.tothong.com/2011/12/06/us-reaction-on-ar-kongs-case/index.html]
[flood.tothong.com/wp-content/themes/twentyeleven/images/headers/wheel.jpg]
[flood.tothong.com/author/firm/index.html]
[flood.tothong.com/author/firm/feed/index.html]
[flood.tothong.com/category/uncategorized/index.html]
[flood.tothong.com/category/uncategorized/feed/index.html]
[flood.tothong.com/wp-json/oembed/1.0/embed.493a79.delayed]
[flood.tothong.com/indexdb84.html]
[flood.tothong.com/wp-json/oembed/1.0/embed6141]
[flood.tothong.com/wp-content/themes/twentyeleven/images/headers/hanoi.jpg]
[flood.tothong.com/2011/11/29/122/index.html]
[flood.tothong.com/category/research/index.html]
[flood.tothong.com/category/research/feed/index.html]
[flood.tothong.com/index3961.html]
[flood.tothong.com/wp-json/oembed/1.0/embedbbb8]
[flood.tothong.com/2011/11/29/lese-majeste-in-thailand/index.html]
[flood.tothong.com/category/introduction/index.html]
[flood.tothong.com/category/introduction/feed/index.html]
[flood.tothong.com/wp-json/oembed/1.0/embedbf54]
[flood.tothong.com/index4170.html]
[flood.tothong.com/wp-json/oembed/1.0/embede405]
[flood.tothong.com/2011/11/20/water-incorperated-projects/index.html]
[flood.tothong.com/tag/arduino/index.html]
[flood.tothong.com/wp-content/themes/twentyeleven/images/headers/shore.jpg]
[flood.tothong.com/tag/arduino/feed/index.html]
[flood.tothong.com/tag/research/index.html]
[flood.tothong.com/tag/sound/index.html]
[flood.tothong.com/tag/water/index.html]
[flood.tothong.com/tag/sound/feed/index.html]
[flood.tothong.com/tag/water/feed/index.html]
[flood.tothong.com/wp-json/oembed/1.0/embed2c98]
[flood.tothong.com/index3ba0.html]
[flood.tothong.com/wp-json/oembed/1.0/embed6cd0]
[flood.tothong.com/2011/11/17/scrapyard-challenge-rube-goldberg-machine-post-apocalypse-data-visualization/index.html]
[flood.tothong.com/wp-json/oembed/1.0/embedc3bb]
[flood.tothong.com/indexc7e3.html]
[flood.tothong.com/wp-json/oembed/1.0/embed1ff3]
[flood.tothong.com/2011/11/17/inspiration-rube-goldberg-machine/index.html]
[flood.tothong.com/wp-content/themes/twentyeleven/images/headers/chessboard.jpg]
[flood.tothong.com/category/inspiration/index.html]
[flood.tothong.com/category/inspiration/feed/index.html]
[flood.tothong.com/tag/cartoonist/index.html]
[flood.tothong.com/tag/cartoonist/feed/index.html]
[flood.tothong.com/tag/inspiration/index.html]
[flood.tothong.com/tag/inspiration/feed/index.html]
[flood.tothong.com/tag/politic/index.html]
[flood.tothong.com/tag/rube-goldberg-machine/index.html]
[flood.tothong.com/tag/politic/feed/index.html]
[flood.tothong.com/tag/rube-goldberg-machine/feed/index.html]
[flood.tothong.com/wp-json/oembed/1.0/embed3381]
[flood.tothong.com/index1c4a.html]
[flood.tothong.com/wp-json/oembed/1.0/embedfc7d]
[flood.tothong.com/2011/11/17/thailand-flooding-2011/index.html]
[flood.tothong.com/tag/fall2010/index.html]
[flood.tothong.com/tag/firm/index.html]
[flood.tothong.com/tag/flood/index.html]
[flood.tothong.com/tag/firm/feed/index.html]
[flood.tothong.com/tag/fall2010/feed/index.html]
[flood.tothong.com/tag/flood/feed/index.html]
[flood.tothong.com/tag/introduction/index.html]
[flood.tothong.com/tag/introduction/feed/index.html]
[flood.tothong.com/wp-json/oembed/1.0/embed.58fbe8.delayed]
[flood.tothong.com/index8cae.html]
[flood.tothong.com/wp-json/oembed/1.0/embed445b]
[flood.tothong.com/2011/11/15/presentation-for-ideation-pre-concept-part/index.html]
[flood.tothong.com/category/presentation/index.html]
[flood.tothong.com/2011/12/index.html]
[flood.tothong.com/2011/11/index.html]
[flood.tothong.com/wp-content/uploads/2011/11/finalreview.008.jpg]
[flood.tothong.com/category/presentation/feed/index.html]
[flood.tothong.com/wp-includes/css/buttons.minc1f9.css]
[flood.tothong.com/wp-includes/css/dashicons.minc1f9.css]
[flood.tothong.com/wp-admin/css/login.minc1f9.css]
[flood.tothong.com/wp-loginc2b6.html]
[flood.tothong.com/wp-login.html]
[flood.tothong.com/indexc471.html]
[flood.tothong.com/wp-json/oembed/1.0/embedfc94.html]
[flood.tothong.com/wp-json/oembed/1.0/embed8b30.html]
[flood.tothong.com/indexc4f7.html]
[flood.tothong.com/wp-json/oembed/1.0/embedc765.html]
[flood.tothong.com/wp-json/oembed/1.0/embed16c0.html]
[flood.tothong.com/wp-content/uploads/2011/11/IMG_5347.jpg]
[flood.tothong.com/wp-content/uploads/2011/11/finalreview-copy.020.jpg]
[flood.tothong.com/wp-admin/index.html]
[flood.tothong.com/wp-content/uploads/2011/11/IMG_5342.jpg]
[flood.tothong.com/indexb5fb.html]
[flood.tothong.com/wp-json/oembed/1.0/embedfda6.html]
[flood.tothong.com/wp-json/oembed/1.0/embed0a56.html]
[flood.tothong.com/index5757.html]
[flood.tothong.com/wp-json/oembed/1.0/embedd8b1.html]
[flood.tothong.com/wp-json/oembed/1.0/embedfd4e.html]
[flood.tothong.com/index1a26.html]
[flood.tothong.com/wp-json/oembed/1.0/embedb449.html]
[flood.tothong.com/wp-json/oembed/1.0/embed8f3b.html]
[flood.tothong.com/indexdb84.html]
[flood.tothong.com/wp-json/oembed/1.0/embed3a79.html]
[flood.tothong.com/wp-json/oembed/1.0/embed6141.html]
[flood.tothong.com/index3961.html]
[flood.tothong.com/wp-json/oembed/1.0/embedbbb8.html]
[flood.tothong.com/index4170.html]
[flood.tothong.com/wp-json/oembed/1.0/embedbf54.html]
[flood.tothong.com/wp-json/oembed/1.0/embede405.html]
[flood.tothong.com/wp-content/uploads/2011/11/IMG_5351.jpg]
[flood.tothong.com/index3ba0.html]
[flood.tothong.com/wp-json/oembed/1.0/embed2c98.html]
[flood.tothong.com/wp-json/oembed/1.0/embed6cd0.html]
[flood.tothong.com/indexc7e3.html]
[flood.tothong.com/wp-json/oembed/1.0/embedc3bb.html]
[flood.tothong.com/wp-json/oembed/1.0/embed1ff3.html]
[flood.tothong.com/index1c4a.html]
[flood.tothong.com/wp-json/oembed/1.0/embed3381.html]
[flood.tothong.com/wp-json/oembed/1.0/embedfc7d.html]
[flood.tothong.com/index8cae.html]
[flood.tothong.com/wp-json/oembed/1.0/embedfbe8.html]
[flood.tothong.com/wp-json/oembed/1.0/embed445b.html]
[flood.tothong.com/wp-includes/css/buttons.minc1f9.css]
[flood.tothong.com/wp-json/oembed/1.0/embed0df0]
[flood.tothong.com/wp-includes/fonts/dashicons.eot]
[flood.tothong.com/wp-includes/css/dashicons.minc1f9.css]
[flood.tothong.com/tag/research/feed/index.html]
[flood.tothong.com/wp-admin/images/loading.gif]
[flood.tothong.com/wp-admin/images/w-logo-blue7a53.png]
[flood.tothong.com/wp-admin/css/login.minc1f9.css]
[flood.tothong.com/wp-logina4f1.html]
[flood.tothong.com/wp-admin/index.html]
[flood.tothong.com/wp-loginc2b6.html]
[flood.tothong.com/wp-content/uploads/2011/11/IMG_5347.jpg]
[flood.tothong.com/wp-content/uploads/2011/11/IMG_5342.jpg]
[flood.tothong.com/wp-admin/images/wordpress-logo7d6b.svg]
[flood.tothong.com/wp-content/uploads/2011/11/IMG_5351.jpg]
[flood.tothong.com/wp-admin/&reauth=1.63.delayed]
[flood.tothong.com/wp-logina4f1.html]
[flood.tothong.com/wp-admin/&reauth=1.html]
